[www.tutorialspoint.com/cplusplus/index.html]
[backblue.gif]
[fade.gif]
[index.html]
[www.tutorialspoint.com/themes/js/script-min-v1.js]
[www.tutorialspoint.com/themes/css/style-min-v1.css]
[www.tutorialspoint.com/cplusplus/images/logo.png]
[www.tutorialspoint.com/cplusplus/images/cpp-mini-logo.jpg]
[www.tutorialspoint.com/cplusplus/cpp_overview.html]
[www.tutorialspoint.com/cplusplus/cpp_environment_setup.html]
[www.tutorialspoint.com/cplusplus/cpp_basic_syntax.html]
[www.tutorialspoint.com/cplusplus/cpp_comments.html]
[www.tutorialspoint.com/cplusplus/cpp_data_types.html]
[www.tutorialspoint.com/cplusplus/cpp_variable_types.html]
[www.tutorialspoint.com/cplusplus/cpp_variable_scope.html]
[www.tutorialspoint.com/cplusplus/cpp_constants_literals.html]
[www.tutorialspoint.com/cplusplus/cpp_modifier_types.html]
[www.tutorialspoint.com/cplusplus/cpp_storage_classes.html]
[www.tutorialspoint.com/cplusplus/cpp_operators.html]
[www.tutorialspoint.com/cplusplus/cpp_loop_types.html]
[www.tutorialspoint.com/cplusplus/cpp_decision_making.html]
[www.tutorialspoint.com/cplusplus/cpp_functions.html]
[www.tutorialspoint.com/cplusplus/cpp_numbers.html]
[www.tutorialspoint.com/cplusplus/cpp_arrays.html]
[www.tutorialspoint.com/cplusplus/cpp_strings.html]
[www.tutorialspoint.com/cplusplus/cpp_pointers.html]
[www.tutorialspoint.com/cplusplus/cpp_references.html]
[www.tutorialspoint.com/cplusplus/cpp_date_time.html]
[www.tutorialspoint.com/cplusplus/cpp_basic_input_output.html]
[www.tutorialspoint.com/cplusplus/cpp_data_structures.html]
[www.tutorialspoint.com/cplusplus/cpp_classes_objects.html]
[www.tutorialspoint.com/cplusplus/cpp_inheritance.html]
[www.tutorialspoint.com/cplusplus/cpp_overloading.html]
[www.tutorialspoint.com/cplusplus/cpp_polymorphism.html]
[www.tutorialspoint.com/cplusplus/cpp_data_abstraction.html]
[www.tutorialspoint.com/cplusplus/cpp_data_encapsulation.html]
[www.tutorialspoint.com/cplusplus/cpp_interfaces.html]
[www.tutorialspoint.com/cplusplus/cpp_files_streams.html]
[www.tutorialspoint.com/cplusplus/cpp_exceptions_handling.html]
[www.tutorialspoint.com/cplusplus/cpp_dynamic_memory.html]
[www.tutorialspoint.com/cplusplus/cpp_namespaces.html]
[www.tutorialspoint.com/cplusplus/cpp_templates.html]
[www.tutorialspoint.com/cplusplus/cpp_preprocessor.html]
[www.tutorialspoint.com/cplusplus/cpp_signal_handling.html]
[www.tutorialspoint.com/cplusplus/cpp_multithreading.html]
[www.tutorialspoint.com/cplusplus/cpp_web_programming.html]
[www.tutorialspoint.com/cplusplus/cpp_questions_answers.html]
[www.tutorialspoint.com/cplusplus/cpp_object_oriented.html]
[www.tutorialspoint.com/cplusplus/cpp_quick_guide.html]
[www.tutorialspoint.com/cplusplus/cpp_stl_tutorial.html]
[www.tutorialspoint.com/cplusplus/cpp_standard_library.html]
[www.tutorialspoint.com/cplusplus/cpp_useful_resources.html]
[www.tutorialspoint.com/cplusplus/cpp_discussion.html]
[www.tutorialspoint.com/cplusplus/images/cplusplus.jpg]
[www.tutorialspoint.com/cplusplus/cpp_pdf_version.html]
[www.tutorialspoint.com/images/logo-black.png]
[www.tutorialspoint.com/cplusplus/index.html]
[www.tutorialspoint.com/images/list-icon.png]
[www.tutorialspoint.com/images/icon-bullet.png]
[www.tutorialspoint.com/images/link-icon.png]
[www.tutorialspoint.com/images/menu-list-icon.png]
[www.tutorialspoint.com/themes/css/style-min-v1.css]
[pagead2.googlesyndication.com/pagead/f.txt]
[www.tutorialspoint.com/cplusplus/cpp_overview.html]
[www.tutorialspoint.com/cplusplus/cpp_environment_setup.html]
[www.tutorialspoint.com/cplusplus/cpp_basic_syntax.html]
[www.tutorialspoint.com/cplusplus/cpp_comments.html]
[www.tutorialspoint.com/cplusplus/cpp_data_types.html]
[www.tutorialspoint.com/cplusplus/cpp_variable_types.html]
[www.tutorialspoint.com/cplusplus/cpp_variable_scope.html]
[www.tutorialspoint.com/cplusplus/cpp_constants_literals.html]
[www.tutorialspoint.com/cplusplus/cpp_modifier_types.html]
[www.tutorialspoint.com/cplusplus/cpp_storage_classes.html]
[www.tutorialspoint.com/cplusplus/cpp_arithmatic_operators.html]
[www.tutorialspoint.com/cplusplus/cpp_increment_decrement_operators.html]
[www.tutorialspoint.com/cplusplus/cpp_relational_operators.html]
[www.tutorialspoint.com/cplusplus/cpp_logical_operators.html]
[www.tutorialspoint.com/cplusplus/cpp_bitwise_operators.html]
[www.tutorialspoint.com/cplusplus/cpp_assignment_operators.html]
[www.tutorialspoint.com/cplusplus/cpp_sizeof_operator.html]
[www.tutorialspoint.com/cplusplus/cpp_conditional_operator.html]
[www.tutorialspoint.com/cplusplus/cpp_comma_operator.html]
[www.tutorialspoint.com/cplusplus/cpp_member_operators.html]
[www.tutorialspoint.com/cplusplus/cpp_casting_operators.html]
[www.tutorialspoint.com/cplusplus/cpp_pointer_operators.html]
[www.tutorialspoint.com/cplusplus/cpp_operators_precedence.html]
[www.tutorialspoint.com/cplusplus/cpp_operators.html]
[www.tutorialspoint.com/cplusplus/images/loop_architecture.jpg]
[www.tutorialspoint.com/cplusplus/cpp_while_loop.html]
[www.tutorialspoint.com/cplusplus/cpp_for_loop.html]
[www.tutorialspoint.com/cplusplus/cpp_do_while_loop.html]
[www.tutorialspoint.com/cplusplus/cpp_nested_loops.html]
[www.tutorialspoint.com/cplusplus/cpp_break_statement.html]
[www.tutorialspoint.com/cplusplus/cpp_continue_statement.html]
[www.tutorialspoint.com/cplusplus/cpp_loop_types.html]
[www.tutorialspoint.com/cplusplus/cpp_goto_statement.html]
[www.tutorialspoint.com/cplusplus/images/cpp_decision_making.jpg]
[www.tutorialspoint.com/cplusplus/cpp_if_statement.html]
[www.tutorialspoint.com/cplusplus/cpp_if_else_statement.html]
[www.tutorialspoint.com/cplusplus/cpp_switch_statement.html]
[www.tutorialspoint.com/cplusplus/cpp_nested_if.html]
[www.tutorialspoint.com/cplusplus/cpp_nested_switch.html]
[www.tutorialspoint.com/cplusplus/cpp_decision_making.html]
[www.tutorialspoint.com/cplusplus/cpp_function_call_by_value.html]
[www.tutorialspoint.com/cplusplus/cpp_function_call_by_pointer.html]
[www.tutorialspoint.com/cplusplus/cpp_functions.html]
[www.tutorialspoint.com/cplusplus/cpp_function_call_by_reference.html]
[www.tutorialspoint.com/cplusplus/cpp_numbers.html]
[www.tutorialspoint.com/cplusplus/images/array_presentation.jpg]
[www.tutorialspoint.com/cplusplus/cpp_multi_dimensional_arrays.html]
[www.tutorialspoint.com/cplusplus/cpp_pointer_to_an_array.html]
[www.tutorialspoint.com/cplusplus/cpp_passing_arrays_to_functions.html]
[www.tutorialspoint.com/cplusplus/cpp_return_arrays_from_functions.html]
[www.tutorialspoint.com/cplusplus/cpp_arrays.html]
[www.tutorialspoint.com/cplusplus/images/string_representation.jpg]
[www.tutorialspoint.com/cplusplus/cpp_strings.html]
[www.tutorialspoint.com/cplusplus/cpp_null_pointers.html]
[www.tutorialspoint.com/cplusplus/cpp_pointer_arithmatic.html]
[www.tutorialspoint.com/cplusplus/cpp_pointers_vs_arrays.html]
[www.tutorialspoint.com/cplusplus/cpp_array_of_pointers.html]
[www.tutorialspoint.com/cplusplus/cpp_pointer_to_pointer.html]
[www.tutorialspoint.com/cplusplus/cpp_passing_pointers_to_functions.html]
[www.tutorialspoint.com/cplusplus/cpp_return_pointer_from_functions.html]
[www.tutorialspoint.com/cplusplus/cpp_pointers.html]
[www.tutorialspoint.com/cplusplus/passing_parameters_by_references.html]
[www.tutorialspoint.com/cplusplus/returning_values_by_reference.html]
[www.tutorialspoint.com/cplusplus/cpp_references.html]
[www.tutorialspoint.com/cplusplus/cpp_date_time.html]
[www.tutorialspoint.com/cplusplus/cpp_basic_input_output.html]
[www.tutorialspoint.com/cplusplus/cpp_data_structures.html]
[www.tutorialspoint.com/cplusplus/cpp_class_member_functions.html]
[www.tutorialspoint.com/cplusplus/cpp_class_access_modifiers.html]
[www.tutorialspoint.com/cplusplus/cpp_constructor_destructor.html]
[www.tutorialspoint.com/cplusplus/cpp_copy_constructor.html]
[www.tutorialspoint.com/cplusplus/cpp_friend_functions.html]
[www.tutorialspoint.com/cplusplus/cpp_inline_functions.html]
[www.tutorialspoint.com/cplusplus/cpp_this_pointer.html]
[www.tutorialspoint.com/cplusplus/cpp_pointer_to_class.html]
[www.tutorialspoint.com/cplusplus/cpp_static_members.html]
[www.tutorialspoint.com/cplusplus/cpp_classes_objects.html]
[www.tutorialspoint.com/cplusplus/cpp_inheritance.html]
[www.tutorialspoint.com/cplusplus/unary_operators_overloading.html]
[www.tutorialspoint.com/cplusplus/binary_operators_overloading.html]
[www.tutorialspoint.com/cplusplus/relational_operators_overloading.html]
[www.tutorialspoint.com/cplusplus/input_output_operators_overloading.html]
[www.tutorialspoint.com/cplusplus/increment_decrement_operators_overloading.html]
[www.tutorialspoint.com/cplusplus/assignment_operators_overloading.html]
[www.tutorialspoint.com/cplusplus/function_call_operator_overloading.html]
[www.tutorialspoint.com/cplusplus/subscripting_operator_overloading.html]
[www.tutorialspoint.com/cplusplus/class_member_access_operator_overloading.html]
[www.tutorialspoint.com/cplusplus/cpp_overloading.html]
[www.tutorialspoint.com/cplusplus/cpp_polymorphism.html]
[www.tutorialspoint.com/cplusplus/cpp_data_abstraction.html]
[www.tutorialspoint.com/cplusplus/cpp_data_encapsulation.html]
[www.tutorialspoint.com/cplusplus/cpp_interfaces.html]
[www.tutorialspoint.com/cplusplus/cpp_files_streams.html]
[www.tutorialspoint.com/cplusplus/images/cpp_exceptions.jpg]
[www.tutorialspoint.com/cplusplus/cpp_exceptions_handling.html]
[www.tutorialspoint.com/cplusplus/cpp_dynamic_memory.html]
[www.tutorialspoint.com/cplusplus/cpp_namespaces.html]
[www.tutorialspoint.com/cplusplus/cpp_templates.html]
[www.tutorialspoint.com/cplusplus/cpp_preprocessor.html]
[www.tutorialspoint.com/cplusplus/cpp_signal_handling.html]
[www.tutorialspoint.com/cplusplus/cpp_multithreading.html]
[www.tutorialspoint.com/cplusplus/images/cgiarch.gif]
[www.tutorialspoint.com/cplusplus/cpp_web_programming.html]
[www.tutorialspoint.com/images/questions_and_answers.png]
[www.tutorialspoint.com/cplusplus/cpp_interview_questions.html]
[www.tutorialspoint.com/cplusplus/cpp_online_quiz.html]
[www.tutorialspoint.com/cplusplus/cpp_online_test.html]
[www.tutorialspoint.com/cplusplus/cplusplus_mock_test.html]
[www.tutorialspoint.com/cplusplus/cpp_questions_answers.html]
[www.tutorialspoint.com/cplusplus/cpp_quick_guide.html]
[www.tutorialspoint.com/cplusplus/cpp_object_oriented.html]
[www.tutorialspoint.com/cplusplus/cpp_stl_tutorial.html]
[www.tutorialspoint.com/cplusplus/cpp_standard_library.html]
[images-na.ssl-images-amazon.com/images/I/51WeVQlb7fL.jpg]
[images-na.ssl-images-amazon.com/images/I/51BaccTSZ4L.jpg]
[images-na.ssl-images-amazon.com/images/I/41EOd4CQoiL.jpg]
[images-na.ssl-images-amazon.com/images/I/417vhYB-FfL.jpg]
[images-na.ssl-images-amazon.com/images/I/51s4M2zP2zL.jpg]
[images-na.ssl-images-amazon.com/images/I/41c5TFrs5AL.jpg]
[www.tutorialspoint.com/cplusplus/cpp_useful_resources.html]
[connect.facebook.net/en_US/sdk.js]
[www.tutorialspoint.com/cplusplus/cpp_discussion.html]
[www.tutorialspoint.com/cplusplus/cpp_tutorial.pdf]
[www.tutorialspoint.com/cplusplus/images/cplusplus_pdfcover.jpg]
[www.tutorialspoint.com/store/images/PayPal.png]
[www.tutorialspoint.com/store/images/CCAvenue.jpg]
[www.tutorialspoint.com/cplusplus/cpp_pdf_version.html]
[www.tutorialspoint.com/themes/images/bnner-design-lib.html]
[www.tutorialspoint.com/themes/images/dropdown-top-icon.html]
[www.tutorialspoint.com/cplusplus/cpp_arithmatic_operators.html]
[www.tutorialspoint.com/cplusplus/cpp_increment_decrement_operators.html]
[www.tutorialspoint.com/cplusplus/cpp_relational_operators.html]
[www.tutorialspoint.com/cplusplus/cpp_logical_operators.html]
[www.tutorialspoint.com/cplusplus/cpp_bitwise_operators.html]
[www.tutorialspoint.com/cplusplus/cpp_assignment_operators.html]
[www.tutorialspoint.com/cplusplus/cpp_sizeof_operator.html]
[www.tutorialspoint.com/cplusplus/cpp_conditional_operator.html]
[www.tutorialspoint.com/cplusplus/cpp_comma_operator.html]
[www.tutorialspoint.com/cplusplus/cpp_member_operators.html]
[www.tutorialspoint.com/cplusplus/cpp_casting_operators.html]
[www.tutorialspoint.com/cplusplus/cpp_pointer_operators.html]
[www.tutorialspoint.com/cplusplus/cpp_operators_precedence.html]
[www.tutorialspoint.com/cplusplus/images/cpp_while_loop.jpg]
[www.tutorialspoint.com/cplusplus/cpp_while_loop.html]
[www.tutorialspoint.com/cplusplus/images/cpp_for_loop.jpg]
[www.tutorialspoint.com/cplusplus/cpp_for_loop.html]
[www.tutorialspoint.com/cplusplus/images/cpp_do_while_loop.jpg]
[www.tutorialspoint.com/cplusplus/cpp_do_while_loop.html]
[www.tutorialspoint.com/cplusplus/cpp_nested_loops.html]
[www.tutorialspoint.com/cplusplus/images/cpp_break_statement.jpg]
[www.tutorialspoint.com/cplusplus/cpp_break_statement.html]
[www.tutorialspoint.com/cplusplus/images/cpp_continue_statement.jpg]
[www.tutorialspoint.com/cplusplus/cpp_continue_statement.html]
[www.tutorialspoint.com/cplusplus/images/cpp_goto_statement.jpg]
[www.tutorialspoint.com/cplusplus/cpp_goto_statement.html]
[www.tutorialspoint.com/cplusplus/images/cpp_if_statement.jpg]
[www.tutorialspoint.com/cplusplus/cpp_if_statement.html]
[www.tutorialspoint.com/cplusplus/images/cpp_if_else_statement.jpg]
[www.tutorialspoint.com/cplusplus/cpp_if_else_statement.html]
[www.tutorialspoint.com/cplusplus/images/cpp_switch_statement.jpg]
[www.tutorialspoint.com/cplusplus/cpp_switch_statement.html]
[www.tutorialspoint.com/cplusplus/cpp_nested_if.html]
[www.tutorialspoint.com/cplusplus/cpp_nested_switch.html]
[www.tutorialspoint.com/cplusplus/cpp_function_call_by_value.html]
[www.tutorialspoint.com/cplusplus/cpp_function_call_by_pointer.html]
[www.tutorialspoint.com/cplusplus/cpp_function_call_by_reference.html]
[www.tutorialspoint.com/cplusplus/images/two_dimensional_arrays.jpg]
[www.tutorialspoint.com/cplusplus/cpp_multi_dimensional_arrays.html]
[www.tutorialspoint.com/cplusplus/cpp_pointer_to_an_array.html]
[www.tutorialspoint.com/cplusplus/cpp_passing_arrays_to_functions.html]
[www.tutorialspoint.com/cplusplus/cpp_return_arrays_from_functions.html]
[www.tutorialspoint.com/cplusplus/cpp_null_pointers.html]
[www.tutorialspoint.com/cplusplus/cpp_pointer_arithmatic.html]
[www.tutorialspoint.com/cplusplus/cpp_pointers_vs_arrays.html]
[www.tutorialspoint.com/cplusplus/cpp_array_of_pointers.html]
[www.tutorialspoint.com/cplusplus/images/pointer_to_pointer.jpg]
[www.tutorialspoint.com/cplusplus/cpp_pointer_to_pointer.html]
[www.tutorialspoint.com/cplusplus/cpp_passing_pointers_to_functions.html]
[www.tutorialspoint.com/cplusplus/cpp_return_pointer_from_functions.html]
[www.tutorialspoint.com/cplusplus/passing_parameters_by_references.html]
[www.tutorialspoint.com/cplusplus/returning_values_by_reference.html]
[www.tutorialspoint.com/cplusplus/cpp_class_member_functions.html]
[www.tutorialspoint.com/cplusplus/cpp_class_access_modifiers.html]
[www.tutorialspoint.com/cplusplus/cpp_constructor_destructor.html]
[www.tutorialspoint.com/cplusplus/cpp_copy_constructor.html]
[www.tutorialspoint.com/cplusplus/cpp_friend_functions.html]
[www.tutorialspoint.com/cplusplus/cpp_inline_functions.html]
[www.tutorialspoint.com/cplusplus/cpp_this_pointer.html]
[www.tutorialspoint.com/cplusplus/cpp_pointer_to_class.html]
[www.tutorialspoint.com/cplusplus/cpp_static_members.html]
[www.tutorialspoint.com/cplusplus/unary_operators_overloading.html]
[www.tutorialspoint.com/cplusplus/binary_operators_overloading.html]
[www.tutorialspoint.com/cplusplus/relational_operators_overloading.html]
[www.tutorialspoint.com/cplusplus/input_output_operators_overloading.html]
[www.tutorialspoint.com/cplusplus/increment_decrement_operators_overloading.html]
[www.tutorialspoint.com/cplusplus/assignment_operators_overloading.html]
[www.tutorialspoint.com/cplusplus/function_call_operator_overloading.html]
[www.tutorialspoint.com/cplusplus/subscripting_operator_overloading.html]
[www.tutorialspoint.com/cplusplus/class_member_access_operator_overloading.html]
[www.tutorialspoint.com/cplusplus/cpp_interview_questions.html]
[www.tutorialspoint.com/theme/js/exams.js]
[www.tutorialspoint.com/cplusplus/cpp_online_quiz.html]
[www.tutorialspoint.com/theme/js/jquery.min.js]
[www.tutorialspoint.com/theme/js/jquery.timer.min.js]
[www.tutorialspoint.com/theme/js/exams-min.js]
[www.tutorialspoint.com/cplusplus/cpp_online_test.html]
[www.tutorialspoint.com/images/online_mock_tests.png]
[www.tutorialspoint.com/cplusplus/cplusplus_mock_test56cb.html]
[www.tutorialspoint.com/cplusplus/cplusplus_mock_testc907.html]
[www.tutorialspoint.com/cplusplus/cplusplus_mock_testc34b.html]
[www.tutorialspoint.com/cplusplus/cplusplus_mock_testabbb.html]
[www.tutorialspoint.com/cplusplus/pdf/cplusplus_mock_test_i.pdf]
[www.tutorialspoint.com/cplusplus/cplusplus_mock_test.html]
[connect.facebook.net/en_US/sdk.js]
[www.tutorialspoint.com/cplusplus/cplusplus_mock_test56cb.html]
[www.tutorialspoint.com/cplusplus/pdf/cplusplus_mock_test_ii.pdf]
[www.tutorialspoint.com/cplusplus/cplusplus_mock_testc907.html]
[www.tutorialspoint.com/cplusplus/pdf/cplusplus_mock_test_iii.pdf]
[www.tutorialspoint.com/cplusplus/cplusplus_mock_testc34b.html]
[www.tutorialspoint.com/cplusplus/pdf/cplusplus_mock_test_iv.pdf]
[www.tutorialspoint.com/cplusplus/cplusplus_mock_testabbb.html]
